// Jest Snapshot v1, https://goo.gl/fbAQLP

exports[`App IsError works 1`] = `
<DocumentFragment>
  <div
    class="text-center mt-5"
  >
    <h2>
      Ops! La città selezionata non esiste.
    </h2>
    <button
      class="btn btn-primary btn btn-primary"
      type="button"
    >
      Riprova
    </button>
  </div>
</DocumentFragment>
`;

exports[`App Render App 1`] = `
<DocumentFragment>
  <div
    class="App"
  >
    <nav
      class="navbar-light navbar navbar-expand-lg navbar-light"
    >
      <div
        class="container"
      >
        <a
          class="text-white navbar-brand"
          href="#home"
        >
          <b>
            BrandName
          </b>
        </a>
        <button
          aria-controls="responsive-navbar-nav"
          aria-label="Toggle navigation"
          class="navbar-toggler collapsed"
          type="button"
        >
          <span
            class="navbar-toggler-icon"
          />
        </button>
        <div
          class="navbar-collapse collapse"
          id="responsive-navbar-nav"
        >
          <div
            class="me-auto navbar-nav"
          >
            <a
              class="nav-link-custom active-link nav-link"
              data-rr-ui-event-key="#"
              href="#"
              role="button"
              tabindex="0"
            >
              Home
            </a>
            <a
              class="nav-link-custom nav-link"
              data-rr-ui-event-key="#"
              href="#"
              role="button"
              tabindex="0"
            >
              Previsioni
            </a>
            <a
              class="nav-link-custom nav-link"
              data-rr-ui-event-key="#"
              href="#"
              role="button"
              tabindex="0"
            >
              Situazione
            </a>
            <a
              class="nav-link-custom nav-link"
              data-rr-ui-event-key="#"
              href="#"
              role="button"
              tabindex="0"
            >
              Radar
            </a>
            <a
              class="nav-link-custom nav-link"
              data-rr-ui-event-key="#"
              href="#"
              role="button"
              tabindex="0"
            >
              Webcam
            </a>
            <a
              class="nav-link-custom nav-link"
              data-rr-ui-event-key="#"
              href="#"
              role="button"
              tabindex="0"
            >
              Video
            </a>
            <a
              class="nav-link-custom nav-link"
              data-rr-ui-event-key="#"
              href="#"
              role="button"
              tabindex="0"
            >
              News
            </a>
            <a
              class="nav-link-custom nav-link"
              data-rr-ui-event-key="#"
              href="#"
              role="button"
              tabindex="0"
            >
              Viabilità
            </a>
          </div>
          <div
            class="navbar-nav"
          >
            <a
              class="nav-link-custom nav-link"
              data-rr-ui-event-key="#"
              href="#"
              role="button"
              tabindex="0"
            >
              Business
            </a>
            <a
              class="nav-link-custom nav-link"
              data-rr-ui-event-key="2"
              href="#"
              role="button"
              tabindex="0"
            >
              Contatti
            </a>
          </div>
        </div>
      </div>
    </nav>
    <div
      class="m-0 w-100 mt-3 row"
    >
      <div
        class="form-col col-md-6"
      >
        <div
          class="d-flex"
        >
          <form>
            <div
              class="form-container"
            >
              <input
                class="cityInput"
                placeholder="Inserisci la città..."
                type="text"
                value=""
              />
              <button
                class="btn btn-submit"
                disabled=""
                type="submit"
              >
                Cerca
              </button>
            </div>
          </form>
        </div>
      </div>
      <div
        class="col-md-6"
      >
        <div
          class="degree-select-container"
        >
          <select
            class="degree-select form-select"
          >
            <option>
              Celsius
            </option>
            <option>
              Farenheit
            </option>
          </select>
        </div>
      </div>
    </div>
    <div
      class="image-container mt-5"
    >
      <img
        alt=""
        class="image-component"
        src="src/img/milano.jpg"
      />
    </div>
    <div
      class="active-result-container"
    >
      <div
        class="m-0 w-100 row"
      >
        <div
          class="col-lg-6 col-md-6 col-sm-12 col-12"
        >
          <div
            class="main-container"
          >
            <div
              class="m-0 w-100 row"
            >
              <div
                class="location-header"
              >
                <b>
                  Posizione
                </b>
              </div>
            </div>
            <div
              class="m-0 w-100 mt-5 row"
            >
              <div
                class="col"
              >
                <div
                  class="location-name"
                >
                  Milan
                </div>
              </div>
              <div
                class="col"
              >
                <div
                  class="text-center"
                >
                  <img
                    alt=""
                    src="https://cdn.worldweatheronline.com/images/wsymbols01_png_64/wsymbol_0008_clear_sky_night.png"
                  />
                </div>
              </div>
            </div>
            <div
              class="m-0 w-100 mt-5 row"
            >
              <div
                class="col"
              >
                <div
                  class="location-list-container"
                >
                  <ul
                    class="location-list"
                  >
                    <li>
                      Paese: Italy
                    </li>
                    <li>
                      Regione: Lombardia
                    </li>
                    <li>
                      Latitudine: 45.467
                    </li>
                    <li>
                      Longitudine: 9.200
                    </li>
                  </ul>
                </div>
              </div>
              <div
                class="col"
              >
                <div
                  class="location-list-container"
                >
                  <ul
                    class="location-list"
                  >
                    <li>
                      Timezone: Europe/Rome
                    </li>
                    <li>
                      Data e ora: 2024-01-12 21:10
                    </li>
                    <li>
                      Fuso orario: 1.0
                    </li>
                  </ul>
                </div>
              </div>
            </div>
          </div>
        </div>
        <div
          class="col-lg-6 col-md-6 col-sm-12 col-12"
        >
          <div
            class="main-container responsive-item"
          >
            <div
              class="m-0 w-100 row"
            >
              <div
                class="location-header"
              >
                <b>
                  Situazione metereologica
                </b>
              </div>
            </div>
            <div
              class="m-0 w-100 mt-5 row"
            >
              <div
                class="col"
              >
                <div
                  class="location-list-container"
                >
                  <ul
                    class="location-list"
                  >
                    <li>
                      Ora attuale: 08:10 PM
                    </li>
                    <li>
                      Temperatura: 3°C
                    </li>
                    <li>
                      Velocità vento: 4
                    </li>
                    <li>
                      Direzione del vento: E
                    </li>
                    <li>
                      Pressione: 1024
                    </li>
                    <li>
                      Precipitazioni: 0
                    </li>
                  </ul>
                </div>
              </div>
              <div
                class="col"
              >
                <div
                  class="location-list-container"
                >
                  <ul
                    class="location-list"
                  >
                    <li>
                      Umidità: 93
                    </li>
                    <li>
                      Nuvolosità: 0
                    </li>
                    <li>
                      Temp. Percepita: 2
                    </li>
                    <li>
                      Visibilità: 10
                    </li>
                  </ul>
                </div>
              </div>
            </div>
          </div>
        </div>
      </div>
    </div>
    <footer>
      <div
        class="w-100 mt-3 footer-containter"
      >
        <div
          class="w-100 m-0 row"
        >
          <div
            class="col"
          >
            <div
              class="footer-links-container text-center"
            >
              <b
                class="footer-link-title"
              >
                Link utili
              </b>
              <div
                class="mt-3"
              >
                <a
                  class="footer-link"
                  href="#"
                >
                  Home
                </a>
              </div>
              <div>
                <a
                  class="footer-link"
                  href="#"
                >
                  Previsioni
                </a>
              </div>
              <div>
                <a
                  class="footer-link"
                  href="#"
                >
                  Situazione
                </a>
              </div>
              <div />
            </div>
          </div>
          <div
            class="col"
          >
            <div
              class="footer-links-container text-center"
            >
              <b
                class="footer-link-title"
              >
                Novità
              </b>
              <div
                class="mt-3"
              >
                <a
                  class="footer-link"
                  href="#"
                >
                  Webcam
                </a>
              </div>
              <div>
                <a
                  class="footer-link"
                  href="#"
                >
                  News
                </a>
              </div>
              <div>
                <a
                  class="footer-link"
                  href="#"
                >
                  Viabilità
                </a>
              </div>
            </div>
          </div>
          <div
            class="col"
          >
            <div
              class="footer-links-container text-center"
            >
              <b
                class="footer-link-title"
              >
                Contatti
              </b>
              <div
                class="mt-3"
              >
                <a
                  class="footer-link"
                  href="#"
                >
                  Contatti
                </a>
              </div>
              <div>
                <a
                  class="footer-link"
                  href="#"
                >
                  Business
                </a>
              </div>
              <div>
                <a
                  class="footer-link"
                  href="#"
                >
                  Lavora con noi
                </a>
              </div>
            </div>
          </div>
        </div>
        <div
          class="registered-mark"
        >
          © 2024 Copyright: Brandname.com
        </div>
      </div>
    </footer>
  </div>
</DocumentFragment>
`;
